// Jest Snapshot v1, https://goo.gl/fbAQLP

exports[`Logo Match Snapshot 1`] = `
<a
  className="css-0"
  href="/"
>
  <img
    alt="sample"
    className="w-20 md:w-40"
    src="/images/logo.png"
  />
</a>
`;
