// Jest Snapshot v1, https://goo.gl/fbAQLP

exports[`LineButton Match Snapshot 1`] = `
<a
  className="css-0 p-2 pl-4 pr-4 flex items-center justify-center bg-accent rounded-full"
  href="#"
>
  <img
    alt=""
    height="50px"
    src="/images/icon-line.png"
    width="50px"
  />
  <span
    className="text-white font-bold"
  />
</a>
`;
