// Jest Snapshot v1, https://goo.gl/fbAQLP

exports[`MainVisual Match Snapshot 1`] = `
<section
  className="css-0 h-screen"
>
  <div
    className="flex flex-wrap items-center h-full bg-main justify-center"
  >
    <div
      className="flex w-full md:w-1/2 justify-center md:justify-end md:pr-16 pb-8"
    >
      <img
        className="w-48 md:w-72"
        src="/images/iphone.png"
      />
    </div>
    <div
      className="flex w-full md:w-1/2 justify-center md:justify-start pb-8"
    >
      <div
        className="px-8"
      >
        <p
          className="text-accent text-xl md:text-3xl font-bold mb-6 "
        >
          リリース1ヶ月で100万人登録！
        </p>
        <h1
          className="text-gray-700 text-2xl md:text-4xl font-bold mb-6 "
        >
          話題の○○が
          <br />
          LINEで使える！
        </h1>
        <a
          className="css-0 p-2 pl-4 pr-4 flex items-center justify-center bg-accent rounded-full"
          href="#"
        >
          <img
            height="50px"
            src="/images/icon-line.png"
            width="50px"
          />
          <span
            className="text-white font-bold"
          >
            友達に追加して質問してみる
          </span>
        </a>
      </div>
    </div>
  </div>
</section>
`;
