// Jest Snapshot v1, https://goo.gl/fbAQLP

exports[`LandingPageTemplate Match Snapshot 1`] = `
<DocumentFragment>
  <div
    class="h-screen"
  >
    <div
      class="h-16 bg-base p-4 md:p-0 flex"
    >
      <a
        class="css-0"
        href="#"
      >
        <div
          class="w-20 md:w-40"
        >
          <img
            class="css-s08p0c "
            src="/images/logo.png"
          />
        </div>
      </a>
    </div>
    <div
      class="grid grid-cols-12"
    >
      <div
        class="col-span-2 bg-base hidden md:block"
      >
        <div
          class="p-4 border-t"
        >
          <ul
            class="list-none"
          >
            <li
              class="my-6"
            >
              <a
                class="break-words whitespace-pre-wrap text-gray-700 font-bold whitespace-nowrap"
                href="#"
                rel=""
              >
                Product List
              </a>
            </li>
            <li
              class="my-6"
            >
              <a
                class="break-words whitespace-pre-wrap text-gray-700 font-bold whitespace-nowrap"
                href="#"
                rel=""
              >
                Subscribe List
              </a>
            </li>
          </ul>
        </div>
      </div>
      <div
        class="col-span-12 md:col-span-10"
      >
        <div
          class="flex items-center justify-center"
          style="height: calc(100vh - 4rem);"
        >
          <div
            class="css-1wwfi4"
          >
            <ul
              class="css-10ffb9g"
            >
              <li
                class="css-i6ammj"
              />
              <li
                class="css-l07tar"
              />
              <li
                class="css-1hre2z7"
              />
              <li
                class="css-p2xyi8"
              />
              <li
                class="css-u8edpl"
              />
              <li
                class="css-ik3prs"
              />
              <li
                class="css-1wh69e5"
              />
              <li
                class="css-1cg3at6"
              />
              <li
                class="css-1iaru34"
              />
              <li
                class="css-1io9drp"
              />
            </ul>
            <div
              class="relative"
            >
              <div
                class="py-8 md:p-8 w-full"
              />
            </div>
          </div>
        </div>
      </div>
    </div>
  </div>
</DocumentFragment>
`;
